// Jest Snapshot v1, https://goo.gl/fbAQLP

exports[`BlogPagination component should have first link active if no match 1`] = `
initialize {
  "0": {
    "attribs": {
      "class": "ui pagination menu",
    },
    "children": [
      {
        "attribs": {
          "class": "active item",
          "style": "cursor:pointer",
          "to": "/page/1/",
        },
        "children": [
          {
            "data": "1",
            "next": null,
            "parent": [Circular],
            "prev": null,
            "type": "text",
          },
        ],
        "name": "div",
        "namespace": "http://www.w3.org/1999/xhtml",
        "next": {
          "attribs": {
            "class": "item",
            "style": "cursor:pointer",
            "to": "/page/2/",
          },
          "children": [
            {
              "data": "2",
              "next": null,
              "parent": [Circular],
              "prev": null,
              "type": "text",
            },
          ],
          "name": "div",
          "namespace": "http://www.w3.org/1999/xhtml",
          "next": {
            "attribs": {
              "class": "item",
              "style": "cursor:pointer",
              "to": "/page/3/",
            },
            "children": [
              {
                "data": "3",
                "next": null,
                "parent": [Circular],
                "prev": null,
                "type": "text",
              },
            ],
            "name": "div",
            "namespace": "http://www.w3.org/1999/xhtml",
            "next": {
              "attribs": {
                "class": "disabled item",
              },
              "children": [
                {
                  "data": "...",
                  "next": null,
                  "parent": [Circular],
                  "prev": null,
                  "type": "text",
                },
              ],
              "name": "div",
              "namespace": "http://www.w3.org/1999/xhtml",
              "next": {
                "attribs": {
                  "class": "item",
                  "style": "cursor:pointer",
                  "to": "/page/10/",
                },
                "children": [
                  {
                    "data": "10",
                    "next": null,
                    "parent": [Circular],
                    "prev": null,
                    "type": "text",
                  },
                ],
                "name": "div",
                "namespace": "http://www.w3.org/1999/xhtml",
                "next": null,
                "parent": [Circular],
                "prev": [Circular],
                "type": "tag",
                "x-attribsNamespace": {
                  "class": undefined,
                  "style": undefined,
                  "to": undefined,
                },
                "x-attribsPrefix": {
                  "class": undefined,
                  "style": undefined,
                  "to": undefined,
                },
              },
              "parent": [Circular],
              "prev": [Circular],
              "type": "tag",
              "x-attribsNamespace": {
                "class": undefined,
              },
              "x-attribsPrefix": {
                "class": undefined,
              },
            },
            "parent": [Circular],
            "prev": [Circular],
            "type": "tag",
            "x-attribsNamespace": {
              "class": undefined,
              "style": undefined,
              "to": undefined,
            },
            "x-attribsPrefix": {
              "class": undefined,
              "style": undefined,
              "to": undefined,
            },
          },
          "parent": [Circular],
          "prev": [Circular],
          "type": "tag",
          "x-attribsNamespace": {
            "class": undefined,
            "style": undefined,
            "to": undefined,
          },
          "x-attribsPrefix": {
            "class": undefined,
            "style": undefined,
            "to": undefined,
          },
        },
        "parent": [Circular],
        "prev": null,
        "type": "tag",
        "x-attribsNamespace": {
          "class": undefined,
          "style": undefined,
          "to": undefined,
        },
        "x-attribsPrefix": {
          "class": undefined,
          "style": undefined,
          "to": undefined,
        },
      },
      {
        "attribs": {
          "class": "item",
          "style": "cursor:pointer",
          "to": "/page/2/",
        },
        "children": [
          {
            "data": "2",
            "next": null,
            "parent": [Circular],
            "prev": null,
            "type": "text",
          },
        ],
        "name": "div",
        "namespace": "http://www.w3.org/1999/xhtml",
        "next": {
          "attribs": {
            "class": "item",
            "style": "cursor:pointer",
            "to": "/page/3/",
          },
          "children": [
            {
              "data": "3",
              "next": null,
              "parent": [Circular],
              "prev": null,
              "type": "text",
            },
          ],
          "name": "div",
          "namespace": "http://www.w3.org/1999/xhtml",
          "next": {
            "attribs": {
              "class": "disabled item",
            },
            "children": [
              {
                "data": "...",
                "next": null,
                "parent": [Circular],
                "prev": null,
                "type": "text",
              },
            ],
            "name": "div",
            "namespace": "http://www.w3.org/1999/xhtml",
            "next": {
              "attribs": {
                "class": "item",
                "style": "cursor:pointer",
                "to": "/page/10/",
              },
              "children": [
                {
                  "data": "10",
                  "next": null,
                  "parent": [Circular],
                  "prev": null,
                  "type": "text",
                },
              ],
              "name": "div",
              "namespace": "http://www.w3.org/1999/xhtml",
              "next": null,
              "parent": [Circular],
              "prev": [Circular],
              "type": "tag",
              "x-attribsNamespace": {
                "class": undefined,
                "style": undefined,
                "to": undefined,
              },
              "x-attribsPrefix": {
                "class": undefined,
                "style": undefined,
                "to": undefined,
              },
            },
            "parent": [Circular],
            "prev": [Circular],
            "type": "tag",
            "x-attribsNamespace": {
              "class": undefined,
            },
            "x-attribsPrefix": {
              "class": undefined,
            },
          },
          "parent": [Circular],
          "prev": [Circular],
          "type": "tag",
          "x-attribsNamespace": {
            "class": undefined,
            "style": undefined,
            "to": undefined,
          },
          "x-attribsPrefix": {
            "class": undefined,
            "style": undefined,
            "to": undefined,
          },
        },
        "parent": [Circular],
        "prev": {
          "attribs": {
            "class": "active item",
            "style": "cursor:pointer",
            "to": "/page/1/",
          },
          "children": [
            {
              "data": "1",
              "next": null,
              "parent": [Circular],
              "prev": null,
              "type": "text",
            },
          ],
          "name": "div",
          "namespace": "http://www.w3.org/1999/xhtml",
          "next": [Circular],
          "parent": [Circular],
          "prev": null,
          "type": "tag",
          "x-attribsNamespace": {
            "class": undefined,
            "style": undefined,
            "to": undefined,
          },
          "x-attribsPrefix": {
            "class": undefined,
            "style": undefined,
            "to": undefined,
          },
        },
        "type": "tag",
        "x-attribsNamespace": {
          "class": undefined,
          "style": undefined,
          "to": undefined,
        },
        "x-attribsPrefix": {
          "class": undefined,
          "style": undefined,
          "to": undefined,
        },
      },
      {
        "attribs": {
          "class": "item",
          "style": "cursor:pointer",
          "to": "/page/3/",
        },
        "children": [
          {
            "data": "3",
            "next": null,
            "parent": [Circular],
            "prev": null,
            "type": "text",
          },
        ],
        "name": "div",
        "namespace": "http://www.w3.org/1999/xhtml",
        "next": {
          "attribs": {
            "class": "disabled item",
          },
          "children": [
            {
              "data": "...",
              "next": null,
              "parent": [Circular],
              "prev": null,
              "type": "text",
            },
          ],
          "name": "div",
          "namespace": "http://www.w3.org/1999/xhtml",
          "next": {
            "attribs": {
              "class": "item",
              "style": "cursor:pointer",
              "to": "/page/10/",
            },
            "children": [
              {
                "data": "10",
                "next": null,
                "parent": [Circular],
                "prev": null,
                "type": "text",
              },
            ],
            "name": "div",
            "namespace": "http://www.w3.org/1999/xhtml",
            "next": null,
            "parent": [Circular],
            "prev": [Circular],
            "type": "tag",
            "x-attribsNamespace": {
              "class": undefined,
              "style": undefined,
              "to": undefined,
            },
            "x-attribsPrefix": {
              "class": undefined,
              "style": undefined,
              "to": undefined,
            },
          },
          "parent": [Circular],
          "prev": [Circular],
          "type": "tag",
          "x-attribsNamespace": {
            "class": undefined,
          },
          "x-attribsPrefix": {
            "class": undefined,
          },
        },
        "parent": [Circular],
        "prev": {
          "attribs": {
            "class": "item",
            "style": "cursor:pointer",
            "to": "/page/2/",
          },
          "children": [
            {
              "data": "2",
              "next": null,
              "parent": [Circular],
              "prev": null,
              "type": "text",
            },
          ],
          "name": "div",
          "namespace": "http://www.w3.org/1999/xhtml",
          "next": [Circular],
          "parent": [Circular],
          "prev": {
            "attribs": {
              "class": "active item",
              "style": "cursor:pointer",
              "to": "/page/1/",
            },
            "children": [
              {
                "data": "1",
                "next": null,
                "parent": [Circular],
                "prev": null,
                "type": "text",
              },
            ],
            "name": "div",
            "namespace": "http://www.w3.org/1999/xhtml",
            "next": [Circular],
            "parent": [Circular],
            "prev": null,
            "type": "tag",
            "x-attribsNamespace": {
              "class": undefined,
              "style": undefined,
              "to": undefined,
            },
            "x-attribsPrefix": {
              "class": undefined,
              "style": undefined,
              "to": undefined,
            },
          },
          "type": "tag",
          "x-attribsNamespace": {
            "class": undefined,
            "style": undefined,
            "to": undefined,
          },
          "x-attribsPrefix": {
            "class": undefined,
            "style": undefined,
            "to": undefined,
          },
        },
        "type": "tag",
        "x-attribsNamespace": {
          "class": undefined,
          "style": undefined,
          "to": undefined,
        },
        "x-attribsPrefix": {
          "class": undefined,
          "style": undefined,
          "to": undefined,
        },
      },
      {
        "attribs": {
          "class": "disabled item",
        },
        "children": [
          {
            "data": "...",
            "next": null,
            "parent": [Circular],
            "prev": null,
            "type": "text",
          },
        ],
        "name": "div",
        "namespace": "http://www.w3.org/1999/xhtml",
        "next": {
          "attribs": {
            "class": "item",
            "style": "cursor:pointer",
            "to": "/page/10/",
          },
          "children": [
            {
              "data": "10",
              "next": null,
              "parent": [Circular],
              "prev": null,
              "type": "text",
            },
          ],
          "name": "div",
          "namespace": "http://www.w3.org/1999/xhtml",
          "next": null,
          "parent": [Circular],
          "prev": [Circular],
          "type": "tag",
          "x-attribsNamespace": {
            "class": undefined,
            "style": undefined,
            "to": undefined,
          },
          "x-attribsPrefix": {
            "class": undefined,
            "style": undefined,
            "to": undefined,
          },
        },
        "parent": [Circular],
        "prev": {
          "attribs": {
            "class": "item",
            "style": "cursor:pointer",
            "to": "/page/3/",
          },
          "children": [
            {
              "data": "3",
              "next": null,
              "parent": [Circular],
              "prev": null,
              "type": "text",
            },
          ],
          "name": "div",
          "namespace": "http://www.w3.org/1999/xhtml",
          "next": [Circular],
          "parent": [Circular],
          "prev": {
            "attribs": {
              "class": "item",
              "style": "cursor:pointer",
              "to": "/page/2/",
            },
            "children": [
              {
                "data": "2",
                "next": null,
                "parent": [Circular],
                "prev": null,
                "type": "text",
              },
            ],
            "name": "div",
            "namespace": "http://www.w3.org/1999/xhtml",
            "next": [Circular],
            "parent": [Circular],
            "prev": {
              "attribs": {
                "class": "active item",
                "style": "cursor:pointer",
                "to": "/page/1/",
              },
              "children": [
                {
                  "data": "1",
                  "next": null,
                  "parent": [Circular],
                  "prev": null,
                  "type": "text",
                },
              ],
              "name": "div",
              "namespace": "http://www.w3.org/1999/xhtml",
              "next": [Circular],
              "parent": [Circular],
              "prev": null,
              "type": "tag",
              "x-attribsNamespace": {
                "class": undefined,
                "style": undefined,
                "to": undefined,
              },
              "x-attribsPrefix": {
                "class": undefined,
                "style": undefined,
                "to": undefined,
              },
            },
            "type": "tag",
            "x-attribsNamespace": {
              "class": undefined,
              "style": undefined,
              "to": undefined,
            },
            "x-attribsPrefix": {
              "class": undefined,
              "style": undefined,
              "to": undefined,
            },
          },
          "type": "tag",
          "x-attribsNamespace": {
            "class": undefined,
            "style": undefined,
            "to": undefined,
          },
          "x-attribsPrefix": {
            "class": undefined,
            "style": undefined,
            "to": undefined,
          },
        },
        "type": "tag",
        "x-attribsNamespace": {
          "class": undefined,
        },
        "x-attribsPrefix": {
          "class": undefined,
        },
      },
      {
        "attribs": {
          "class": "item",
          "style": "cursor:pointer",
          "to": "/page/10/",
        },
        "children": [
          {
            "data": "10",
            "next": null,
            "parent": [Circular],
            "prev": null,
            "type": "text",
          },
        ],
        "name": "div",
        "namespace": "http://www.w3.org/1999/xhtml",
        "next": null,
        "parent": [Circular],
        "prev": {
          "attribs": {
            "class": "disabled item",
          },
          "children": [
            {
              "data": "...",
              "next": null,
              "parent": [Circular],
              "prev": null,
              "type": "text",
            },
          ],
          "name": "div",
          "namespace": "http://www.w3.org/1999/xhtml",
          "next": [Circular],
          "parent": [Circular],
          "prev": {
            "attribs": {
              "class": "item",
              "style": "cursor:pointer",
              "to": "/page/3/",
            },
            "children": [
              {
                "data": "3",
                "next": null,
                "parent": [Circular],
                "prev": null,
                "type": "text",
              },
            ],
            "name": "div",
            "namespace": "http://www.w3.org/1999/xhtml",
            "next": [Circular],
            "parent": [Circular],
            "prev": {
              "attribs": {
                "class": "item",
                "style": "cursor:pointer",
                "to": "/page/2/",
              },
              "children": [
                {
                  "data": "2",
                  "next": null,
                  "parent": [Circular],
                  "prev": null,
                  "type": "text",
                },
              ],
              "name": "div",
              "namespace": "http://www.w3.org/1999/xhtml",
              "next": [Circular],
              "parent": [Circular],
              "prev": {
                "attribs": {
                  "class": "active item",
                  "style": "cursor:pointer",
                  "to": "/page/1/",
                },
                "children": [
                  {
                    "data": "1",
                    "next": null,
                    "parent": [Circular],
                    "prev": null,
                    "type": "text",
                  },
                ],
                "name": "div",
                "namespace": "http://www.w3.org/1999/xhtml",
                "next": [Circular],
                "parent": [Circular],
                "prev": null,
                "type": "tag",
                "x-attribsNamespace": {
                  "class": undefined,
                  "style": undefined,
                  "to": undefined,
                },
                "x-attribsPrefix": {
                  "class": undefined,
                  "style": undefined,
                  "to": undefined,
                },
              },
              "type": "tag",
              "x-attribsNamespace": {
                "class": undefined,
                "style": undefined,
                "to": undefined,
              },
              "x-attribsPrefix": {
                "class": undefined,
                "style": undefined,
                "to": undefined,
              },
            },
            "type": "tag",
            "x-attribsNamespace": {
              "class": undefined,
              "style": undefined,
              "to": undefined,
            },
            "x-attribsPrefix": {
              "class": undefined,
              "style": undefined,
              "to": undefined,
            },
          },
          "type": "tag",
          "x-attribsNamespace": {
            "class": undefined,
          },
          "x-attribsPrefix": {
            "class": undefined,
          },
        },
        "type": "tag",
        "x-attribsNamespace": {
          "class": undefined,
          "style": undefined,
          "to": undefined,
        },
        "x-attribsPrefix": {
          "class": undefined,
          "style": undefined,
          "to": undefined,
        },
      },
    ],
    "name": "div",
    "namespace": "http://www.w3.org/1999/xhtml",
    "next": null,
    "parent": null,
    "prev": null,
    "root": {
      "attribs": {},
      "children": [
        [Circular],
      ],
      "name": "root",
      "namespace": "http://www.w3.org/1999/xhtml",
      "next": null,
      "parent": null,
      "prev": null,
      "type": "root",
      "x-attribsNamespace": {},
      "x-attribsPrefix": {},
    },
    "type": "tag",
    "x-attribsNamespace": {
      "class": undefined,
    },
    "x-attribsPrefix": {
      "class": undefined,
    },
  },
  "_root": [Circular],
  "length": 1,
  "options": {
    "decodeEntities": true,
    "normalizeWhitespace": false,
    "withDomLvl1": true,
    "xml": false,
  },
}
`;

exports[`BlogPagination component should render correctly 5 pages 1`] = `
initialize {
  "0": {
    "attribs": {
      "class": "ui pagination menu",
    },
    "children": [
      {
        "attribs": {
          "class": "item",
          "style": "cursor:pointer",
          "to": "/page/1/",
        },
        "children": [
          {
            "data": "1",
            "next": null,
            "parent": [Circular],
            "prev": null,
            "type": "text",
          },
        ],
        "name": "div",
        "namespace": "http://www.w3.org/1999/xhtml",
        "next": {
          "attribs": {
            "class": "item",
            "style": "cursor:pointer",
            "to": "/page/2/",
          },
          "children": [
            {
              "data": "2",
              "next": null,
              "parent": [Circular],
              "prev": null,
              "type": "text",
            },
          ],
          "name": "div",
          "namespace": "http://www.w3.org/1999/xhtml",
          "next": {
            "attribs": {
              "class": "item",
              "style": "cursor:pointer",
              "to": "/page/3/",
            },
            "children": [
              {
                "data": "3",
                "next": null,
                "parent": [Circular],
                "prev": null,
                "type": "text",
              },
            ],
            "name": "div",
            "namespace": "http://www.w3.org/1999/xhtml",
            "next": {
              "attribs": {
                "class": "item",
                "style": "cursor:pointer",
                "to": "/page/4/",
              },
              "children": [
                {
                  "data": "4",
                  "next": null,
                  "parent": [Circular],
                  "prev": null,
                  "type": "text",
                },
              ],
              "name": "div",
              "namespace": "http://www.w3.org/1999/xhtml",
              "next": {
                "attribs": {
                  "class": "item",
                  "style": "cursor:pointer",
                  "to": "/page/5/",
                },
                "children": [
                  {
                    "data": "5",
                    "next": null,
                    "parent": [Circular],
                    "prev": null,
                    "type": "text",
                  },
                ],
                "name": "div",
                "namespace": "http://www.w3.org/1999/xhtml",
                "next": null,
                "parent": [Circular],
                "prev": [Circular],
                "type": "tag",
                "x-attribsNamespace": {
                  "class": undefined,
                  "style": undefined,
                  "to": undefined,
                },
                "x-attribsPrefix": {
                  "class": undefined,
                  "style": undefined,
                  "to": undefined,
                },
              },
              "parent": [Circular],
              "prev": [Circular],
              "type": "tag",
              "x-attribsNamespace": {
                "class": undefined,
                "style": undefined,
                "to": undefined,
              },
              "x-attribsPrefix": {
                "class": undefined,
                "style": undefined,
                "to": undefined,
              },
            },
            "parent": [Circular],
            "prev": [Circular],
            "type": "tag",
            "x-attribsNamespace": {
              "class": undefined,
              "style": undefined,
              "to": undefined,
            },
            "x-attribsPrefix": {
              "class": undefined,
              "style": undefined,
              "to": undefined,
            },
          },
          "parent": [Circular],
          "prev": [Circular],
          "type": "tag",
          "x-attribsNamespace": {
            "class": undefined,
            "style": undefined,
            "to": undefined,
          },
          "x-attribsPrefix": {
            "class": undefined,
            "style": undefined,
            "to": undefined,
          },
        },
        "parent": [Circular],
        "prev": null,
        "type": "tag",
        "x-attribsNamespace": {
          "class": undefined,
          "style": undefined,
          "to": undefined,
        },
        "x-attribsPrefix": {
          "class": undefined,
          "style": undefined,
          "to": undefined,
        },
      },
      {
        "attribs": {
          "class": "item",
          "style": "cursor:pointer",
          "to": "/page/2/",
        },
        "children": [
          {
            "data": "2",
            "next": null,
            "parent": [Circular],
            "prev": null,
            "type": "text",
          },
        ],
        "name": "div",
        "namespace": "http://www.w3.org/1999/xhtml",
        "next": {
          "attribs": {
            "class": "item",
            "style": "cursor:pointer",
            "to": "/page/3/",
          },
          "children": [
            {
              "data": "3",
              "next": null,
              "parent": [Circular],
              "prev": null,
              "type": "text",
            },
          ],
          "name": "div",
          "namespace": "http://www.w3.org/1999/xhtml",
          "next": {
            "attribs": {
              "class": "item",
              "style": "cursor:pointer",
              "to": "/page/4/",
            },
            "children": [
              {
                "data": "4",
                "next": null,
                "parent": [Circular],
                "prev": null,
                "type": "text",
              },
            ],
            "name": "div",
            "namespace": "http://www.w3.org/1999/xhtml",
            "next": {
              "attribs": {
                "class": "item",
                "style": "cursor:pointer",
                "to": "/page/5/",
              },
              "children": [
                {
                  "data": "5",
                  "next": null,
                  "parent": [Circular],
                  "prev": null,
                  "type": "text",
                },
              ],
              "name": "div",
              "namespace": "http://www.w3.org/1999/xhtml",
              "next": null,
              "parent": [Circular],
              "prev": [Circular],
              "type": "tag",
              "x-attribsNamespace": {
                "class": undefined,
                "style": undefined,
                "to": undefined,
              },
              "x-attribsPrefix": {
                "class": undefined,
                "style": undefined,
                "to": undefined,
              },
            },
            "parent": [Circular],
            "prev": [Circular],
            "type": "tag",
            "x-attribsNamespace": {
              "class": undefined,
              "style": undefined,
              "to": undefined,
            },
            "x-attribsPrefix": {
              "class": undefined,
              "style": undefined,
              "to": undefined,
            },
          },
          "parent": [Circular],
          "prev": [Circular],
          "type": "tag",
          "x-attribsNamespace": {
            "class": undefined,
            "style": undefined,
            "to": undefined,
          },
          "x-attribsPrefix": {
            "class": undefined,
            "style": undefined,
            "to": undefined,
          },
        },
        "parent": [Circular],
        "prev": {
          "attribs": {
            "class": "item",
            "style": "cursor:pointer",
            "to": "/page/1/",
          },
          "children": [
            {
              "data": "1",
              "next": null,
              "parent": [Circular],
              "prev": null,
              "type": "text",
            },
          ],
          "name": "div",
          "namespace": "http://www.w3.org/1999/xhtml",
          "next": [Circular],
          "parent": [Circular],
          "prev": null,
          "type": "tag",
          "x-attribsNamespace": {
            "class": undefined,
            "style": undefined,
            "to": undefined,
          },
          "x-attribsPrefix": {
            "class": undefined,
            "style": undefined,
            "to": undefined,
          },
        },
        "type": "tag",
        "x-attribsNamespace": {
          "class": undefined,
          "style": undefined,
          "to": undefined,
        },
        "x-attribsPrefix": {
          "class": undefined,
          "style": undefined,
          "to": undefined,
        },
      },
      {
        "attribs": {
          "class": "item",
          "style": "cursor:pointer",
          "to": "/page/3/",
        },
        "children": [
          {
            "data": "3",
            "next": null,
            "parent": [Circular],
            "prev": null,
            "type": "text",
          },
        ],
        "name": "div",
        "namespace": "http://www.w3.org/1999/xhtml",
        "next": {
          "attribs": {
            "class": "item",
            "style": "cursor:pointer",
            "to": "/page/4/",
          },
          "children": [
            {
              "data": "4",
              "next": null,
              "parent": [Circular],
              "prev": null,
              "type": "text",
            },
          ],
          "name": "div",
          "namespace": "http://www.w3.org/1999/xhtml",
          "next": {
            "attribs": {
              "class": "item",
              "style": "cursor:pointer",
              "to": "/page/5/",
            },
            "children": [
              {
                "data": "5",
                "next": null,
                "parent": [Circular],
                "prev": null,
                "type": "text",
              },
            ],
            "name": "div",
            "namespace": "http://www.w3.org/1999/xhtml",
            "next": null,
            "parent": [Circular],
            "prev": [Circular],
            "type": "tag",
            "x-attribsNamespace": {
              "class": undefined,
              "style": undefined,
              "to": undefined,
            },
            "x-attribsPrefix": {
              "class": undefined,
              "style": undefined,
              "to": undefined,
            },
          },
          "parent": [Circular],
          "prev": [Circular],
          "type": "tag",
          "x-attribsNamespace": {
            "class": undefined,
            "style": undefined,
            "to": undefined,
          },
          "x-attribsPrefix": {
            "class": undefined,
            "style": undefined,
            "to": undefined,
          },
        },
        "parent": [Circular],
        "prev": {
          "attribs": {
            "class": "item",
            "style": "cursor:pointer",
            "to": "/page/2/",
          },
          "children": [
            {
              "data": "2",
              "next": null,
              "parent": [Circular],
              "prev": null,
              "type": "text",
            },
          ],
          "name": "div",
          "namespace": "http://www.w3.org/1999/xhtml",
          "next": [Circular],
          "parent": [Circular],
          "prev": {
            "attribs": {
              "class": "item",
              "style": "cursor:pointer",
              "to": "/page/1/",
            },
            "children": [
              {
                "data": "1",
                "next": null,
                "parent": [Circular],
                "prev": null,
                "type": "text",
              },
            ],
            "name": "div",
            "namespace": "http://www.w3.org/1999/xhtml",
            "next": [Circular],
            "parent": [Circular],
            "prev": null,
            "type": "tag",
            "x-attribsNamespace": {
              "class": undefined,
              "style": undefined,
              "to": undefined,
            },
            "x-attribsPrefix": {
              "class": undefined,
              "style": undefined,
              "to": undefined,
            },
          },
          "type": "tag",
          "x-attribsNamespace": {
            "class": undefined,
            "style": undefined,
            "to": undefined,
          },
          "x-attribsPrefix": {
            "class": undefined,
            "style": undefined,
            "to": undefined,
          },
        },
        "type": "tag",
        "x-attribsNamespace": {
          "class": undefined,
          "style": undefined,
          "to": undefined,
        },
        "x-attribsPrefix": {
          "class": undefined,
          "style": undefined,
          "to": undefined,
        },
      },
      {
        "attribs": {
          "class": "item",
          "style": "cursor:pointer",
          "to": "/page/4/",
        },
        "children": [
          {
            "data": "4",
            "next": null,
            "parent": [Circular],
            "prev": null,
            "type": "text",
          },
        ],
        "name": "div",
        "namespace": "http://www.w3.org/1999/xhtml",
        "next": {
          "attribs": {
            "class": "item",
            "style": "cursor:pointer",
            "to": "/page/5/",
          },
          "children": [
            {
              "data": "5",
              "next": null,
              "parent": [Circular],
              "prev": null,
              "type": "text",
            },
          ],
          "name": "div",
          "namespace": "http://www.w3.org/1999/xhtml",
          "next": null,
          "parent": [Circular],
          "prev": [Circular],
          "type": "tag",
          "x-attribsNamespace": {
            "class": undefined,
            "style": undefined,
            "to": undefined,
          },
          "x-attribsPrefix": {
            "class": undefined,
            "style": undefined,
            "to": undefined,
          },
        },
        "parent": [Circular],
        "prev": {
          "attribs": {
            "class": "item",
            "style": "cursor:pointer",
            "to": "/page/3/",
          },
          "children": [
            {
              "data": "3",
              "next": null,
              "parent": [Circular],
              "prev": null,
              "type": "text",
            },
          ],
          "name": "div",
          "namespace": "http://www.w3.org/1999/xhtml",
          "next": [Circular],
          "parent": [Circular],
          "prev": {
            "attribs": {
              "class": "item",
              "style": "cursor:pointer",
              "to": "/page/2/",
            },
            "children": [
              {
                "data": "2",
                "next": null,
                "parent": [Circular],
                "prev": null,
                "type": "text",
              },
            ],
            "name": "div",
            "namespace": "http://www.w3.org/1999/xhtml",
            "next": [Circular],
            "parent": [Circular],
            "prev": {
              "attribs": {
                "class": "item",
                "style": "cursor:pointer",
                "to": "/page/1/",
              },
              "children": [
                {
                  "data": "1",
                  "next": null,
                  "parent": [Circular],
                  "prev": null,
                  "type": "text",
                },
              ],
              "name": "div",
              "namespace": "http://www.w3.org/1999/xhtml",
              "next": [Circular],
              "parent": [Circular],
              "prev": null,
              "type": "tag",
              "x-attribsNamespace": {
                "class": undefined,
                "style": undefined,
                "to": undefined,
              },
              "x-attribsPrefix": {
                "class": undefined,
                "style": undefined,
                "to": undefined,
              },
            },
            "type": "tag",
            "x-attribsNamespace": {
              "class": undefined,
              "style": undefined,
              "to": undefined,
            },
            "x-attribsPrefix": {
              "class": undefined,
              "style": undefined,
              "to": undefined,
            },
          },
          "type": "tag",
          "x-attribsNamespace": {
            "class": undefined,
            "style": undefined,
            "to": undefined,
          },
          "x-attribsPrefix": {
            "class": undefined,
            "style": undefined,
            "to": undefined,
          },
        },
        "type": "tag",
        "x-attribsNamespace": {
          "class": undefined,
          "style": undefined,
          "to": undefined,
        },
        "x-attribsPrefix": {
          "class": undefined,
          "style": undefined,
          "to": undefined,
        },
      },
      {
        "attribs": {
          "class": "item",
          "style": "cursor:pointer",
          "to": "/page/5/",
        },
        "children": [
          {
            "data": "5",
            "next": null,
            "parent": [Circular],
            "prev": null,
            "type": "text",
          },
        ],
        "name": "div",
        "namespace": "http://www.w3.org/1999/xhtml",
        "next": null,
        "parent": [Circular],
        "prev": {
          "attribs": {
            "class": "item",
            "style": "cursor:pointer",
            "to": "/page/4/",
          },
          "children": [
            {
              "data": "4",
              "next": null,
              "parent": [Circular],
              "prev": null,
              "type": "text",
            },
          ],
          "name": "div",
          "namespace": "http://www.w3.org/1999/xhtml",
          "next": [Circular],
          "parent": [Circular],
          "prev": {
            "attribs": {
              "class": "item",
              "style": "cursor:pointer",
              "to": "/page/3/",
            },
            "children": [
              {
                "data": "3",
                "next": null,
                "parent": [Circular],
                "prev": null,
                "type": "text",
              },
            ],
            "name": "div",
            "namespace": "http://www.w3.org/1999/xhtml",
            "next": [Circular],
            "parent": [Circular],
            "prev": {
              "attribs": {
                "class": "item",
                "style": "cursor:pointer",
                "to": "/page/2/",
              },
              "children": [
                {
                  "data": "2",
                  "next": null,
                  "parent": [Circular],
                  "prev": null,
                  "type": "text",
                },
              ],
              "name": "div",
              "namespace": "http://www.w3.org/1999/xhtml",
              "next": [Circular],
              "parent": [Circular],
              "prev": {
                "attribs": {
                  "class": "item",
                  "style": "cursor:pointer",
                  "to": "/page/1/",
                },
                "children": [
                  {
                    "data": "1",
                    "next": null,
                    "parent": [Circular],
                    "prev": null,
                    "type": "text",
                  },
                ],
                "name": "div",
                "namespace": "http://www.w3.org/1999/xhtml",
                "next": [Circular],
                "parent": [Circular],
                "prev": null,
                "type": "tag",
                "x-attribsNamespace": {
                  "class": undefined,
                  "style": undefined,
                  "to": undefined,
                },
                "x-attribsPrefix": {
                  "class": undefined,
                  "style": undefined,
                  "to": undefined,
                },
              },
              "type": "tag",
              "x-attribsNamespace": {
                "class": undefined,
                "style": undefined,
                "to": undefined,
              },
              "x-attribsPrefix": {
                "class": undefined,
                "style": undefined,
                "to": undefined,
              },
            },
            "type": "tag",
            "x-attribsNamespace": {
              "class": undefined,
              "style": undefined,
              "to": undefined,
            },
            "x-attribsPrefix": {
              "class": undefined,
              "style": undefined,
              "to": undefined,
            },
          },
          "type": "tag",
          "x-attribsNamespace": {
            "class": undefined,
            "style": undefined,
            "to": undefined,
          },
          "x-attribsPrefix": {
            "class": undefined,
            "style": undefined,
            "to": undefined,
          },
        },
        "type": "tag",
        "x-attribsNamespace": {
          "class": undefined,
          "style": undefined,
          "to": undefined,
        },
        "x-attribsPrefix": {
          "class": undefined,
          "style": undefined,
          "to": undefined,
        },
      },
    ],
    "name": "div",
    "namespace": "http://www.w3.org/1999/xhtml",
    "next": null,
    "parent": null,
    "prev": null,
    "root": {
      "attribs": {},
      "children": [
        [Circular],
      ],
      "name": "root",
      "namespace": "http://www.w3.org/1999/xhtml",
      "next": null,
      "parent": null,
      "prev": null,
      "type": "root",
      "x-attribsNamespace": {},
      "x-attribsPrefix": {},
    },
    "type": "tag",
    "x-attribsNamespace": {
      "class": undefined,
    },
    "x-attribsPrefix": {
      "class": undefined,
    },
  },
  "_root": [Circular],
  "length": 1,
  "options": {
    "decodeEntities": true,
    "normalizeWhitespace": false,
    "withDomLvl1": true,
    "xml": false,
  },
}
`;

exports[`BlogPagination component should render correctly 10 pages 1`] = `
initialize {
  "0": {
    "attribs": {
      "class": "ui pagination menu",
    },
    "children": [
      {
        "attribs": {
          "class": "item",
          "style": "cursor:pointer",
          "to": "/page/1/",
        },
        "children": [
          {
            "data": "1",
            "next": null,
            "parent": [Circular],
            "prev": null,
            "type": "text",
          },
        ],
        "name": "div",
        "namespace": "http://www.w3.org/1999/xhtml",
        "next": {
          "attribs": {
            "class": "item",
            "style": "cursor:pointer",
            "to": "/page/2/",
          },
          "children": [
            {
              "data": "2",
              "next": null,
              "parent": [Circular],
              "prev": null,
              "type": "text",
            },
          ],
          "name": "div",
          "namespace": "http://www.w3.org/1999/xhtml",
          "next": {
            "attribs": {
              "class": "disabled item",
            },
            "children": [
              {
                "data": "...",
                "next": null,
                "parent": [Circular],
                "prev": null,
                "type": "text",
              },
            ],
            "name": "div",
            "namespace": "http://www.w3.org/1999/xhtml",
            "next": {
              "attribs": {
                "class": "item",
                "style": "cursor:pointer",
                "to": "/page/10/",
              },
              "children": [
                {
                  "data": "10",
                  "next": null,
                  "parent": [Circular],
                  "prev": null,
                  "type": "text",
                },
              ],
              "name": "div",
              "namespace": "http://www.w3.org/1999/xhtml",
              "next": null,
              "parent": [Circular],
              "prev": [Circular],
              "type": "tag",
              "x-attribsNamespace": {
                "class": undefined,
                "style": undefined,
                "to": undefined,
              },
              "x-attribsPrefix": {
                "class": undefined,
                "style": undefined,
                "to": undefined,
              },
            },
            "parent": [Circular],
            "prev": [Circular],
            "type": "tag",
            "x-attribsNamespace": {
              "class": undefined,
            },
            "x-attribsPrefix": {
              "class": undefined,
            },
          },
          "parent": [Circular],
          "prev": [Circular],
          "type": "tag",
          "x-attribsNamespace": {
            "class": undefined,
            "style": undefined,
            "to": undefined,
          },
          "x-attribsPrefix": {
            "class": undefined,
            "style": undefined,
            "to": undefined,
          },
        },
        "parent": [Circular],
        "prev": null,
        "type": "tag",
        "x-attribsNamespace": {
          "class": undefined,
          "style": undefined,
          "to": undefined,
        },
        "x-attribsPrefix": {
          "class": undefined,
          "style": undefined,
          "to": undefined,
        },
      },
      {
        "attribs": {
          "class": "item",
          "style": "cursor:pointer",
          "to": "/page/2/",
        },
        "children": [
          {
            "data": "2",
            "next": null,
            "parent": [Circular],
            "prev": null,
            "type": "text",
          },
        ],
        "name": "div",
        "namespace": "http://www.w3.org/1999/xhtml",
        "next": {
          "attribs": {
            "class": "disabled item",
          },
          "children": [
            {
              "data": "...",
              "next": null,
              "parent": [Circular],
              "prev": null,
              "type": "text",
            },
          ],
          "name": "div",
          "namespace": "http://www.w3.org/1999/xhtml",
          "next": {
            "attribs": {
              "class": "item",
              "style": "cursor:pointer",
              "to": "/page/10/",
            },
            "children": [
              {
                "data": "10",
                "next": null,
                "parent": [Circular],
                "prev": null,
                "type": "text",
              },
            ],
            "name": "div",
            "namespace": "http://www.w3.org/1999/xhtml",
            "next": null,
            "parent": [Circular],
            "prev": [Circular],
            "type": "tag",
            "x-attribsNamespace": {
              "class": undefined,
              "style": undefined,
              "to": undefined,
            },
            "x-attribsPrefix": {
              "class": undefined,
              "style": undefined,
              "to": undefined,
            },
          },
          "parent": [Circular],
          "prev": [Circular],
          "type": "tag",
          "x-attribsNamespace": {
            "class": undefined,
          },
          "x-attribsPrefix": {
            "class": undefined,
          },
        },
        "parent": [Circular],
        "prev": {
          "attribs": {
            "class": "item",
            "style": "cursor:pointer",
            "to": "/page/1/",
          },
          "children": [
            {
              "data": "1",
              "next": null,
              "parent": [Circular],
              "prev": null,
              "type": "text",
            },
          ],
          "name": "div",
          "namespace": "http://www.w3.org/1999/xhtml",
          "next": [Circular],
          "parent": [Circular],
          "prev": null,
          "type": "tag",
          "x-attribsNamespace": {
            "class": undefined,
            "style": undefined,
            "to": undefined,
          },
          "x-attribsPrefix": {
            "class": undefined,
            "style": undefined,
            "to": undefined,
          },
        },
        "type": "tag",
        "x-attribsNamespace": {
          "class": undefined,
          "style": undefined,
          "to": undefined,
        },
        "x-attribsPrefix": {
          "class": undefined,
          "style": undefined,
          "to": undefined,
        },
      },
      {
        "attribs": {
          "class": "disabled item",
        },
        "children": [
          {
            "data": "...",
            "next": null,
            "parent": [Circular],
            "prev": null,
            "type": "text",
          },
        ],
        "name": "div",
        "namespace": "http://www.w3.org/1999/xhtml",
        "next": {
          "attribs": {
            "class": "item",
            "style": "cursor:pointer",
            "to": "/page/10/",
          },
          "children": [
            {
              "data": "10",
              "next": null,
              "parent": [Circular],
              "prev": null,
              "type": "text",
            },
          ],
          "name": "div",
          "namespace": "http://www.w3.org/1999/xhtml",
          "next": null,
          "parent": [Circular],
          "prev": [Circular],
          "type": "tag",
          "x-attribsNamespace": {
            "class": undefined,
            "style": undefined,
            "to": undefined,
          },
          "x-attribsPrefix": {
            "class": undefined,
            "style": undefined,
            "to": undefined,
          },
        },
        "parent": [Circular],
        "prev": {
          "attribs": {
            "class": "item",
            "style": "cursor:pointer",
            "to": "/page/2/",
          },
          "children": [
            {
              "data": "2",
              "next": null,
              "parent": [Circular],
              "prev": null,
              "type": "text",
            },
          ],
          "name": "div",
          "namespace": "http://www.w3.org/1999/xhtml",
          "next": [Circular],
          "parent": [Circular],
          "prev": {
            "attribs": {
              "class": "item",
              "style": "cursor:pointer",
              "to": "/page/1/",
            },
            "children": [
              {
                "data": "1",
                "next": null,
                "parent": [Circular],
                "prev": null,
                "type": "text",
              },
            ],
            "name": "div",
            "namespace": "http://www.w3.org/1999/xhtml",
            "next": [Circular],
            "parent": [Circular],
            "prev": null,
            "type": "tag",
            "x-attribsNamespace": {
              "class": undefined,
              "style": undefined,
              "to": undefined,
            },
            "x-attribsPrefix": {
              "class": undefined,
              "style": undefined,
              "to": undefined,
            },
          },
          "type": "tag",
          "x-attribsNamespace": {
            "class": undefined,
            "style": undefined,
            "to": undefined,
          },
          "x-attribsPrefix": {
            "class": undefined,
            "style": undefined,
            "to": undefined,
          },
        },
        "type": "tag",
        "x-attribsNamespace": {
          "class": undefined,
        },
        "x-attribsPrefix": {
          "class": undefined,
        },
      },
      {
        "attribs": {
          "class": "item",
          "style": "cursor:pointer",
          "to": "/page/10/",
        },
        "children": [
          {
            "data": "10",
            "next": null,
            "parent": [Circular],
            "prev": null,
            "type": "text",
          },
        ],
        "name": "div",
        "namespace": "http://www.w3.org/1999/xhtml",
        "next": null,
        "parent": [Circular],
        "prev": {
          "attribs": {
            "class": "disabled item",
          },
          "children": [
            {
              "data": "...",
              "next": null,
              "parent": [Circular],
              "prev": null,
              "type": "text",
            },
          ],
          "name": "div",
          "namespace": "http://www.w3.org/1999/xhtml",
          "next": [Circular],
          "parent": [Circular],
          "prev": {
            "attribs": {
              "class": "item",
              "style": "cursor:pointer",
              "to": "/page/2/",
            },
            "children": [
              {
                "data": "2",
                "next": null,
                "parent": [Circular],
                "prev": null,
                "type": "text",
              },
            ],
            "name": "div",
            "namespace": "http://www.w3.org/1999/xhtml",
            "next": [Circular],
            "parent": [Circular],
            "prev": {
              "attribs": {
                "class": "item",
                "style": "cursor:pointer",
                "to": "/page/1/",
              },
              "children": [
                {
                  "data": "1",
                  "next": null,
                  "parent": [Circular],
                  "prev": null,
                  "type": "text",
                },
              ],
              "name": "div",
              "namespace": "http://www.w3.org/1999/xhtml",
              "next": [Circular],
              "parent": [Circular],
              "prev": null,
              "type": "tag",
              "x-attribsNamespace": {
                "class": undefined,
                "style": undefined,
                "to": undefined,
              },
              "x-attribsPrefix": {
                "class": undefined,
                "style": undefined,
                "to": undefined,
              },
            },
            "type": "tag",
            "x-attribsNamespace": {
              "class": undefined,
              "style": undefined,
              "to": undefined,
            },
            "x-attribsPrefix": {
              "class": undefined,
              "style": undefined,
              "to": undefined,
            },
          },
          "type": "tag",
          "x-attribsNamespace": {
            "class": undefined,
          },
          "x-attribsPrefix": {
            "class": undefined,
          },
        },
        "type": "tag",
        "x-attribsNamespace": {
          "class": undefined,
          "style": undefined,
          "to": undefined,
        },
        "x-attribsPrefix": {
          "class": undefined,
          "style": undefined,
          "to": undefined,
        },
      },
    ],
    "name": "div",
    "namespace": "http://www.w3.org/1999/xhtml",
    "next": null,
    "parent": null,
    "prev": null,
    "root": {
      "attribs": {},
      "children": [
        [Circular],
      ],
      "name": "root",
      "namespace": "http://www.w3.org/1999/xhtml",
      "next": null,
      "parent": null,
      "prev": null,
      "type": "root",
      "x-attribsNamespace": {},
      "x-attribsPrefix": {},
    },
    "type": "tag",
    "x-attribsNamespace": {
      "class": undefined,
    },
    "x-attribsPrefix": {
      "class": undefined,
    },
  },
  "_root": [Circular],
  "length": 1,
  "options": {
    "decodeEntities": true,
    "normalizeWhitespace": false,
    "withDomLvl1": true,
    "xml": false,
  },
}
`;

exports[`BlogPagination component should render correctly 20 pages 1`] = `
initialize {
  "0": {
    "attribs": {
      "class": "ui pagination menu",
    },
    "children": [
      {
        "attribs": {
          "class": "item",
          "style": "cursor:pointer",
          "to": "/page/1/",
        },
        "children": [
          {
            "data": "1",
            "next": null,
            "parent": [Circular],
            "prev": null,
            "type": "text",
          },
        ],
        "name": "div",
        "namespace": "http://www.w3.org/1999/xhtml",
        "next": {
          "attribs": {
            "class": "item",
            "style": "cursor:pointer",
            "to": "/page/2/",
          },
          "children": [
            {
              "data": "2",
              "next": null,
              "parent": [Circular],
              "prev": null,
              "type": "text",
            },
          ],
          "name": "div",
          "namespace": "http://www.w3.org/1999/xhtml",
          "next": {
            "attribs": {
              "class": "disabled item",
            },
            "children": [
              {
                "data": "...",
                "next": null,
                "parent": [Circular],
                "prev": null,
                "type": "text",
              },
            ],
            "name": "div",
            "namespace": "http://www.w3.org/1999/xhtml",
            "next": {
              "attribs": {
                "class": "item",
                "style": "cursor:pointer",
                "to": "/page/20/",
              },
              "children": [
                {
                  "data": "20",
                  "next": null,
                  "parent": [Circular],
                  "prev": null,
                  "type": "text",
                },
              ],
              "name": "div",
              "namespace": "http://www.w3.org/1999/xhtml",
              "next": null,
              "parent": [Circular],
              "prev": [Circular],
              "type": "tag",
              "x-attribsNamespace": {
                "class": undefined,
                "style": undefined,
                "to": undefined,
              },
              "x-attribsPrefix": {
                "class": undefined,
                "style": undefined,
                "to": undefined,
              },
            },
            "parent": [Circular],
            "prev": [Circular],
            "type": "tag",
            "x-attribsNamespace": {
              "class": undefined,
            },
            "x-attribsPrefix": {
              "class": undefined,
            },
          },
          "parent": [Circular],
          "prev": [Circular],
          "type": "tag",
          "x-attribsNamespace": {
            "class": undefined,
            "style": undefined,
            "to": undefined,
          },
          "x-attribsPrefix": {
            "class": undefined,
            "style": undefined,
            "to": undefined,
          },
        },
        "parent": [Circular],
        "prev": null,
        "type": "tag",
        "x-attribsNamespace": {
          "class": undefined,
          "style": undefined,
          "to": undefined,
        },
        "x-attribsPrefix": {
          "class": undefined,
          "style": undefined,
          "to": undefined,
        },
      },
      {
        "attribs": {
          "class": "item",
          "style": "cursor:pointer",
          "to": "/page/2/",
        },
        "children": [
          {
            "data": "2",
            "next": null,
            "parent": [Circular],
            "prev": null,
            "type": "text",
          },
        ],
        "name": "div",
        "namespace": "http://www.w3.org/1999/xhtml",
        "next": {
          "attribs": {
            "class": "disabled item",
          },
          "children": [
            {
              "data": "...",
              "next": null,
              "parent": [Circular],
              "prev": null,
              "type": "text",
            },
          ],
          "name": "div",
          "namespace": "http://www.w3.org/1999/xhtml",
          "next": {
            "attribs": {
              "class": "item",
              "style": "cursor:pointer",
              "to": "/page/20/",
            },
            "children": [
              {
                "data": "20",
                "next": null,
                "parent": [Circular],
                "prev": null,
                "type": "text",
              },
            ],
            "name": "div",
            "namespace": "http://www.w3.org/1999/xhtml",
            "next": null,
            "parent": [Circular],
            "prev": [Circular],
            "type": "tag",
            "x-attribsNamespace": {
              "class": undefined,
              "style": undefined,
              "to": undefined,
            },
            "x-attribsPrefix": {
              "class": undefined,
              "style": undefined,
              "to": undefined,
            },
          },
          "parent": [Circular],
          "prev": [Circular],
          "type": "tag",
          "x-attribsNamespace": {
            "class": undefined,
          },
          "x-attribsPrefix": {
            "class": undefined,
          },
        },
        "parent": [Circular],
        "prev": {
          "attribs": {
            "class": "item",
            "style": "cursor:pointer",
            "to": "/page/1/",
          },
          "children": [
            {
              "data": "1",
              "next": null,
              "parent": [Circular],
              "prev": null,
              "type": "text",
            },
          ],
          "name": "div",
          "namespace": "http://www.w3.org/1999/xhtml",
          "next": [Circular],
          "parent": [Circular],
          "prev": null,
          "type": "tag",
          "x-attribsNamespace": {
            "class": undefined,
            "style": undefined,
            "to": undefined,
          },
          "x-attribsPrefix": {
            "class": undefined,
            "style": undefined,
            "to": undefined,
          },
        },
        "type": "tag",
        "x-attribsNamespace": {
          "class": undefined,
          "style": undefined,
          "to": undefined,
        },
        "x-attribsPrefix": {
          "class": undefined,
          "style": undefined,
          "to": undefined,
        },
      },
      {
        "attribs": {
          "class": "disabled item",
        },
        "children": [
          {
            "data": "...",
            "next": null,
            "parent": [Circular],
            "prev": null,
            "type": "text",
          },
        ],
        "name": "div",
        "namespace": "http://www.w3.org/1999/xhtml",
        "next": {
          "attribs": {
            "class": "item",
            "style": "cursor:pointer",
            "to": "/page/20/",
          },
          "children": [
            {
              "data": "20",
              "next": null,
              "parent": [Circular],
              "prev": null,
              "type": "text",
            },
          ],
          "name": "div",
          "namespace": "http://www.w3.org/1999/xhtml",
          "next": null,
          "parent": [Circular],
          "prev": [Circular],
          "type": "tag",
          "x-attribsNamespace": {
            "class": undefined,
            "style": undefined,
            "to": undefined,
          },
          "x-attribsPrefix": {
            "class": undefined,
            "style": undefined,
            "to": undefined,
          },
        },
        "parent": [Circular],
        "prev": {
          "attribs": {
            "class": "item",
            "style": "cursor:pointer",
            "to": "/page/2/",
          },
          "children": [
            {
              "data": "2",
              "next": null,
              "parent": [Circular],
              "prev": null,
              "type": "text",
            },
          ],
          "name": "div",
          "namespace": "http://www.w3.org/1999/xhtml",
          "next": [Circular],
          "parent": [Circular],
          "prev": {
            "attribs": {
              "class": "item",
              "style": "cursor:pointer",
              "to": "/page/1/",
            },
            "children": [
              {
                "data": "1",
                "next": null,
                "parent": [Circular],
                "prev": null,
                "type": "text",
              },
            ],
            "name": "div",
            "namespace": "http://www.w3.org/1999/xhtml",
            "next": [Circular],
            "parent": [Circular],
            "prev": null,
            "type": "tag",
            "x-attribsNamespace": {
              "class": undefined,
              "style": undefined,
              "to": undefined,
            },
            "x-attribsPrefix": {
              "class": undefined,
              "style": undefined,
              "to": undefined,
            },
          },
          "type": "tag",
          "x-attribsNamespace": {
            "class": undefined,
            "style": undefined,
            "to": undefined,
          },
          "x-attribsPrefix": {
            "class": undefined,
            "style": undefined,
            "to": undefined,
          },
        },
        "type": "tag",
        "x-attribsNamespace": {
          "class": undefined,
        },
        "x-attribsPrefix": {
          "class": undefined,
        },
      },
      {
        "attribs": {
          "class": "item",
          "style": "cursor:pointer",
          "to": "/page/20/",
        },
        "children": [
          {
            "data": "20",
            "next": null,
            "parent": [Circular],
            "prev": null,
            "type": "text",
          },
        ],
        "name": "div",
        "namespace": "http://www.w3.org/1999/xhtml",
        "next": null,
        "parent": [Circular],
        "prev": {
          "attribs": {
            "class": "disabled item",
          },
          "children": [
            {
              "data": "...",
              "next": null,
              "parent": [Circular],
              "prev": null,
              "type": "text",
            },
          ],
          "name": "div",
          "namespace": "http://www.w3.org/1999/xhtml",
          "next": [Circular],
          "parent": [Circular],
          "prev": {
            "attribs": {
              "class": "item",
              "style": "cursor:pointer",
              "to": "/page/2/",
            },
            "children": [
              {
                "data": "2",
                "next": null,
                "parent": [Circular],
                "prev": null,
                "type": "text",
              },
            ],
            "name": "div",
            "namespace": "http://www.w3.org/1999/xhtml",
            "next": [Circular],
            "parent": [Circular],
            "prev": {
              "attribs": {
                "class": "item",
                "style": "cursor:pointer",
                "to": "/page/1/",
              },
              "children": [
                {
                  "data": "1",
                  "next": null,
                  "parent": [Circular],
                  "prev": null,
                  "type": "text",
                },
              ],
              "name": "div",
              "namespace": "http://www.w3.org/1999/xhtml",
              "next": [Circular],
              "parent": [Circular],
              "prev": null,
              "type": "tag",
              "x-attribsNamespace": {
                "class": undefined,
                "style": undefined,
                "to": undefined,
              },
              "x-attribsPrefix": {
                "class": undefined,
                "style": undefined,
                "to": undefined,
              },
            },
            "type": "tag",
            "x-attribsNamespace": {
              "class": undefined,
              "style": undefined,
              "to": undefined,
            },
            "x-attribsPrefix": {
              "class": undefined,
              "style": undefined,
              "to": undefined,
            },
          },
          "type": "tag",
          "x-attribsNamespace": {
            "class": undefined,
          },
          "x-attribsPrefix": {
            "class": undefined,
          },
        },
        "type": "tag",
        "x-attribsNamespace": {
          "class": undefined,
          "style": undefined,
          "to": undefined,
        },
        "x-attribsPrefix": {
          "class": undefined,
          "style": undefined,
          "to": undefined,
        },
      },
    ],
    "name": "div",
    "namespace": "http://www.w3.org/1999/xhtml",
    "next": null,
    "parent": null,
    "prev": null,
    "root": {
      "attribs": {},
      "children": [
        [Circular],
      ],
      "name": "root",
      "namespace": "http://www.w3.org/1999/xhtml",
      "next": null,
      "parent": null,
      "prev": null,
      "type": "root",
      "x-attribsNamespace": {},
      "x-attribsPrefix": {},
    },
    "type": "tag",
    "x-attribsNamespace": {
      "class": undefined,
    },
    "x-attribsPrefix": {
      "class": undefined,
    },
  },
  "_root": [Circular],
  "length": 1,
  "options": {
    "decodeEntities": true,
    "normalizeWhitespace": false,
    "withDomLvl1": true,
    "xml": false,
  },
}
`;

exports[`BlogPagination component should render nothing if only 1 page 1`] = `
{
  "options": {
    "decodeEntities": true,
    "normalizeWhitespace": false,
    "withDomLvl1": true,
    "xml": false,
  },
}
`;
