// Jest Snapshot v1, https://goo.gl/fbAQLP

exports[`SidebarMenu component should render correctly 1`] = `
initialize {
  "0": {
    "attribs": {
      "class": "ui inverted vertical labeled icon ui slide along left thin visible sidebar menu",
    },
    "children": [
      {
        "attribs": {
          "class": "active item",
          "to": "/",
        },
        "children": [
          {
            "attribs": {
              "aria-hidden": "true",
              "class": "icon",
            },
            "children": [],
            "name": "i",
            "namespace": "http://www.w3.org/1999/xhtml",
            "next": {
              "data": "Main",
              "next": null,
              "parent": [Circular],
              "prev": [Circular],
              "type": "text",
            },
            "parent": [Circular],
            "prev": null,
            "type": "tag",
            "x-attribsNamespace": {
              "aria-hidden": undefined,
              "class": undefined,
            },
            "x-attribsPrefix": {
              "aria-hidden": undefined,
              "class": undefined,
            },
          },
          {
            "data": "Main",
            "next": null,
            "parent": [Circular],
            "prev": {
              "attribs": {
                "aria-hidden": "true",
                "class": "icon",
              },
              "children": [],
              "name": "i",
              "namespace": "http://www.w3.org/1999/xhtml",
              "next": [Circular],
              "parent": [Circular],
              "prev": null,
              "type": "tag",
              "x-attribsNamespace": {
                "aria-hidden": undefined,
                "class": undefined,
              },
              "x-attribsPrefix": {
                "aria-hidden": undefined,
                "class": undefined,
              },
            },
            "type": "text",
          },
        ],
        "name": "div",
        "namespace": "http://www.w3.org/1999/xhtml",
        "next": {
          "attribs": {
            "class": "item",
            "to": "/about/",
          },
          "children": [
            {
              "attribs": {
                "aria-hidden": "true",
                "class": "icon",
              },
              "children": [],
              "name": "i",
              "namespace": "http://www.w3.org/1999/xhtml",
              "next": {
                "data": "About",
                "next": null,
                "parent": [Circular],
                "prev": [Circular],
                "type": "text",
              },
              "parent": [Circular],
              "prev": null,
              "type": "tag",
              "x-attribsNamespace": {
                "aria-hidden": undefined,
                "class": undefined,
              },
              "x-attribsPrefix": {
                "aria-hidden": undefined,
                "class": undefined,
              },
            },
            {
              "data": "About",
              "next": null,
              "parent": [Circular],
              "prev": {
                "attribs": {
                  "aria-hidden": "true",
                  "class": "icon",
                },
                "children": [],
                "name": "i",
                "namespace": "http://www.w3.org/1999/xhtml",
                "next": [Circular],
                "parent": [Circular],
                "prev": null,
                "type": "tag",
                "x-attribsNamespace": {
                  "aria-hidden": undefined,
                  "class": undefined,
                },
                "x-attribsPrefix": {
                  "aria-hidden": undefined,
                  "class": undefined,
                },
              },
              "type": "text",
            },
          ],
          "name": "div",
          "namespace": "http://www.w3.org/1999/xhtml",
          "next": null,
          "parent": [Circular],
          "prev": [Circular],
          "type": "tag",
          "x-attribsNamespace": {
            "class": undefined,
            "to": undefined,
          },
          "x-attribsPrefix": {
            "class": undefined,
            "to": undefined,
          },
        },
        "parent": [Circular],
        "prev": null,
        "type": "tag",
        "x-attribsNamespace": {
          "class": undefined,
          "to": undefined,
        },
        "x-attribsPrefix": {
          "class": undefined,
          "to": undefined,
        },
      },
      {
        "attribs": {
          "class": "item",
          "to": "/about/",
        },
        "children": [
          {
            "attribs": {
              "aria-hidden": "true",
              "class": "icon",
            },
            "children": [],
            "name": "i",
            "namespace": "http://www.w3.org/1999/xhtml",
            "next": {
              "data": "About",
              "next": null,
              "parent": [Circular],
              "prev": [Circular],
              "type": "text",
            },
            "parent": [Circular],
            "prev": null,
            "type": "tag",
            "x-attribsNamespace": {
              "aria-hidden": undefined,
              "class": undefined,
            },
            "x-attribsPrefix": {
              "aria-hidden": undefined,
              "class": undefined,
            },
          },
          {
            "data": "About",
            "next": null,
            "parent": [Circular],
            "prev": {
              "attribs": {
                "aria-hidden": "true",
                "class": "icon",
              },
              "children": [],
              "name": "i",
              "namespace": "http://www.w3.org/1999/xhtml",
              "next": [Circular],
              "parent": [Circular],
              "prev": null,
              "type": "tag",
              "x-attribsNamespace": {
                "aria-hidden": undefined,
                "class": undefined,
              },
              "x-attribsPrefix": {
                "aria-hidden": undefined,
                "class": undefined,
              },
            },
            "type": "text",
          },
        ],
        "name": "div",
        "namespace": "http://www.w3.org/1999/xhtml",
        "next": null,
        "parent": [Circular],
        "prev": {
          "attribs": {
            "class": "active item",
            "to": "/",
          },
          "children": [
            {
              "attribs": {
                "aria-hidden": "true",
                "class": "icon",
              },
              "children": [],
              "name": "i",
              "namespace": "http://www.w3.org/1999/xhtml",
              "next": {
                "data": "Main",
                "next": null,
                "parent": [Circular],
                "prev": [Circular],
                "type": "text",
              },
              "parent": [Circular],
              "prev": null,
              "type": "tag",
              "x-attribsNamespace": {
                "aria-hidden": undefined,
                "class": undefined,
              },
              "x-attribsPrefix": {
                "aria-hidden": undefined,
                "class": undefined,
              },
            },
            {
              "data": "Main",
              "next": null,
              "parent": [Circular],
              "prev": {
                "attribs": {
                  "aria-hidden": "true",
                  "class": "icon",
                },
                "children": [],
                "name": "i",
                "namespace": "http://www.w3.org/1999/xhtml",
                "next": [Circular],
                "parent": [Circular],
                "prev": null,
                "type": "tag",
                "x-attribsNamespace": {
                  "aria-hidden": undefined,
                  "class": undefined,
                },
                "x-attribsPrefix": {
                  "aria-hidden": undefined,
                  "class": undefined,
                },
              },
              "type": "text",
            },
          ],
          "name": "div",
          "namespace": "http://www.w3.org/1999/xhtml",
          "next": [Circular],
          "parent": [Circular],
          "prev": null,
          "type": "tag",
          "x-attribsNamespace": {
            "class": undefined,
            "to": undefined,
          },
          "x-attribsPrefix": {
            "class": undefined,
            "to": undefined,
          },
        },
        "type": "tag",
        "x-attribsNamespace": {
          "class": undefined,
          "to": undefined,
        },
        "x-attribsPrefix": {
          "class": undefined,
          "to": undefined,
        },
      },
    ],
    "name": "div",
    "namespace": "http://www.w3.org/1999/xhtml",
    "next": null,
    "parent": null,
    "prev": null,
    "root": {
      "attribs": {},
      "children": [
        [Circular],
      ],
      "name": "root",
      "namespace": "http://www.w3.org/1999/xhtml",
      "next": null,
      "parent": null,
      "prev": null,
      "type": "root",
      "x-attribsNamespace": {},
      "x-attribsPrefix": {},
    },
    "type": "tag",
    "x-attribsNamespace": {
      "class": undefined,
    },
    "x-attribsPrefix": {
      "class": undefined,
    },
  },
  "_root": [Circular],
  "length": 1,
  "options": {
    "decodeEntities": true,
    "normalizeWhitespace": false,
    "withDomLvl1": true,
    "xml": false,
  },
}
`;
